<html>
<body>
<pre>
<h1>µVision Build Log</h1>
<h2>Project:</h2>
C:\STM32\TIVA-KeilC_Temp\TIVA_temp.uvproj
Project File Date:  11/04/2016

<h2>Output:</h2>
Rebuild target 'TIVA Keil C'
compiling main.c...
assembling startup_rvmdk.S...
linking...
Program Size: Code=1492 RO-data=16 RW-data=0 ZI-data=608  
".\Out\Out.axf" - 0 Error(s), 0 Warning(s).
n started: Project: 'TIVA_temp'
   deleting intermediate output files for target 'TIVA Keil C'
l C'
VA_temp.axf" - 1 Error(s), 0 Warning(s).
Target not created
